\[
\inference {}{ WellTyped\,\Gamma\,SKIP}[SkipT]
\]

\[
\inference {HasType\,\Gamma\,a\,(TypeOf\,\Gamma\,x)}{ WellTyped\,\Gamma\,(Assign\,x\,a)}[AssignT]
\]

\[
\inference {WellTyped\,\Gamma\,c_1 \quad WellTyped\,\Gamma\,c_2}{ WellTyped\,\Gamma\,(Seq\,c_1\,c_2)}[SeqT]
\]

\[
\inference {WellTyped\,\Gamma\,b \quad WellTyped\,\Gamma\,c_1 \quad WellTyped\,\Gamma\,c_2}{ WellTyped\,(If\,b\,c_1\,c_2)}[IfT]
\]

\[
\inference {WellTyped\,\Gamma\,b \quad WellTyped\,\Gamma\,c}{ WellTyped\,\Gamma\,(While\,b\,c)}[WhileT]
\]