\[
\inference {bval\,b\,s_1 & (c ,\, s_1) => s_2 & (While\,b\,c ,\, s_2) => s_3}{(While\,b\,c ,\, s_1) => s_3}[WhileTrue]
\]