{
  "@type" : "Program",
  "rules" : [ {
    "@type" : "SemRule",
    "name" : "SkipT",
    "topLines" : [ ],
    "bottomLines" : [ {
      "@type" : "CondLine",
      "pre" : {
        "@type" : "Cond",
        "exprs" : [ {
          "exprs" : [ {
            "@type" : "Var",
            "name" : "WellTyped"
          }, {
            "@type" : "Var",
            "name" : "context"
          }, {
            "@type" : "Var",
            "name" : "SKIP"
          } ]
        } ]
      },
      "post" : null
    } ]
  }, {
    "@type" : "SemRule",
    "name" : "AssignT",
    "topLines" : [ {
      "@type" : "CondLine",
      "pre" : {
        "@type" : "Cond",
        "exprs" : [ {
          "exprs" : [ {
            "@type" : "Var",
            "name" : "HasType"
          }, {
            "@type" : "Var",
            "name" : "context"
          }, {
            "@type" : "Var",
            "name" : "a"
          }, {
            "@type" : "ExprsWrap",
            "exprs" : {
              "exprs" : [ {
                "@type" : "Var",
                "name" : "TypeOf"
              }, {
                "@type" : "Var",
                "name" : "context"
              }, {
                "@type" : "Var",
                "name" : "x"
              } ]
            }
          } ]
        } ]
      },
      "post" : null
    } ],
    "bottomLines" : [ {
      "@type" : "CondLine",
      "pre" : {
        "@type" : "Cond",
        "exprs" : [ {
          "exprs" : [ {
            "@type" : "Var",
            "name" : "WellTyped"
          }, {
            "@type" : "Var",
            "name" : "context"
          }, {
            "@type" : "ExprsWrap",
            "exprs" : {
              "exprs" : [ {
                "@type" : "Var",
                "name" : "Assign"
              }, {
                "@type" : "Var",
                "name" : "x"
              }, {
                "@type" : "Var",
                "name" : "a"
              } ]
            }
          } ]
        } ]
      },
      "post" : null
    } ]
  }, {
    "@type" : "SemRule",
    "name" : "SeqT",
    "topLines" : [ {
      "@type" : "CondLine",
      "pre" : {
        "@type" : "Cond",
        "exprs" : [ {
          "exprs" : [ {
            "@type" : "Var",
            "name" : "WellTyped"
          }, {
            "@type" : "Var",
            "name" : "context"
          }, {
            "@type" : "Var",
            "name" : "c1"
          } ]
        } ]
      },
      "post" : null
    }, {
      "@type" : "CondLine",
      "pre" : {
        "@type" : "Cond",
        "exprs" : [ {
          "exprs" : [ {
            "@type" : "Var",
            "name" : "WellTyped"
          }, {
            "@type" : "Var",
            "name" : "context"
          }, {
            "@type" : "Var",
            "name" : "c2"
          } ]
        } ]
      },
      "post" : null
    } ],
    "bottomLines" : [ {
      "@type" : "CondLine",
      "pre" : {
        "@type" : "Cond",
        "exprs" : [ {
          "exprs" : [ {
            "@type" : "Var",
            "name" : "WellTyped"
          }, {
            "@type" : "Var",
            "name" : "context"
          }, {
            "@type" : "ExprsWrap",
            "exprs" : {
              "exprs" : [ {
                "@type" : "Var",
                "name" : "Seq"
              }, {
                "@type" : "Var",
                "name" : "c1"
              }, {
                "@type" : "Var",
                "name" : "c2"
              } ]
            }
          } ]
        } ]
      },
      "post" : null
    } ]
  }, {
    "@type" : "SemRule",
    "name" : "IfT",
    "topLines" : [ {
      "@type" : "CondLine",
      "pre" : {
        "@type" : "Cond",
        "exprs" : [ {
          "exprs" : [ {
            "@type" : "Var",
            "name" : "WellTyped"
          }, {
            "@type" : "Var",
            "name" : "context"
          }, {
            "@type" : "Var",
            "name" : "b"
          } ]
        } ]
      },
      "post" : null
    }, {
      "@type" : "CondLine",
      "pre" : {
        "@type" : "Cond",
        "exprs" : [ {
          "exprs" : [ {
            "@type" : "Var",
            "name" : "WellTyped"
          }, {
            "@type" : "Var",
            "name" : "context"
          }, {
            "@type" : "Var",
            "name" : "c1"
          } ]
        } ]
      },
      "post" : null
    }, {
      "@type" : "CondLine",
      "pre" : {
        "@type" : "Cond",
        "exprs" : [ {
          "exprs" : [ {
            "@type" : "Var",
            "name" : "WellTyped"
          }, {
            "@type" : "Var",
            "name" : "context"
          }, {
            "@type" : "Var",
            "name" : "c2"
          } ]
        } ]
      },
      "post" : null
    } ],
    "bottomLines" : [ {
      "@type" : "CondLine",
      "pre" : {
        "@type" : "Cond",
        "exprs" : [ {
          "exprs" : [ {
            "@type" : "Var",
            "name" : "WellTyped"
          }, {
            "@type" : "Var",
            "name" : "context"
          }, {
            "@type" : "ExprsWrap",
            "exprs" : {
              "exprs" : [ {
                "@type" : "Var",
                "name" : "If"
              }, {
                "@type" : "Var",
                "name" : "b"
              }, {
                "@type" : "Var",
                "name" : "c1"
              }, {
                "@type" : "Var",
                "name" : "c2"
              } ]
            }
          } ]
        } ]
      },
      "post" : null
    } ]
  }, {
    "@type" : "SemRule",
    "name" : "WhileT",
    "topLines" : [ {
      "@type" : "CondLine",
      "pre" : {
        "@type" : "Cond",
        "exprs" : [ {
          "exprs" : [ {
            "@type" : "Var",
            "name" : "WellTyped"
          }, {
            "@type" : "Var",
            "name" : "context"
          }, {
            "@type" : "Var",
            "name" : "b"
          } ]
        } ]
      },
      "post" : null
    }, {
      "@type" : "CondLine",
      "pre" : {
        "@type" : "Cond",
        "exprs" : [ {
          "exprs" : [ {
            "@type" : "Var",
            "name" : "WellTyped"
          }, {
            "@type" : "Var",
            "name" : "context"
          }, {
            "@type" : "Var",
            "name" : "c"
          } ]
        } ]
      },
      "post" : null
    } ],
    "bottomLines" : [ {
      "@type" : "CondLine",
      "pre" : {
        "@type" : "Cond",
        "exprs" : [ {
          "exprs" : [ {
            "@type" : "Var",
            "name" : "WellTyped"
          }, {
            "@type" : "Var",
            "name" : "context"
          }, {
            "@type" : "ExprsWrap",
            "exprs" : {
              "exprs" : [ {
                "@type" : "Var",
                "name" : "While"
              }, {
                "@type" : "Var",
                "name" : "b"
              }, {
                "@type" : "Var",
                "name" : "c"
              } ]
            }
          } ]
        } ]
      },
      "post" : null
    } ]
  } ],
  "latexRenderings" : [ {
    "label" : "context",
    "params" : [ ],
    "rendering" : "\\Gamma"
  }, {
    "label" : "WellTyped",
    "params" : [ "c", "a" ],
    "rendering" : "<c> \\vdash <a>"
  }, {
    "label" : "HasType",
    "params" : [ "c", "a", "b" ],
    "rendering" : "<c> \\vdash <a> : <b>"
  }, {
    "label" : "TypeOf",
    "params" : [ "c", "a" ],
    "rendering" : "<c> <a>"
  }, {
    "label" : "While",
    "params" : [ "b", "c" ],
    "rendering" : "\\text{WHILE } <b> \\text{ DO } <c>"
  }, {
    "label" : "Assign",
    "params" : [ "a", "b" ],
    "rendering" : "<a> ::= <b>"
  }, {
    "label" : "Seq",
    "params" : [ "a", "b" ],
    "rendering" : "<a> \\text{ ;; } <b>"
  }, {
    "label" : "If",
    "params" : [ "a", "b", "c" ],
    "rendering" : "\\text{IF }a  \\text{ THEN } b \\text{ ELSE } b)"
  } ]
}